2026-05-29 - INFO - Tarefa sendo executada em: 29/05/2026 12:40
2026-05-29 - INFO - --------------------------------------------------
2026-05-29 - INFO - Abrindo o navegador e entrando no painel.
2026-05-29 - INFO - ----------------------------------------
2026-05-29 - INFO - Digitando o usuario
2026-05-29 - INFO - Digitando a senha
2026-05-29 - INFO - Entrando no painel
2026-05-29 - INFO - ----------------------------------------
2026-05-29 - INFO - ----------------------------------------
2026-05-29 - INFO - Achando a Aba Clientes...
2026-05-29 - INFO - Entrando em gerenciar clientes...
2026-05-29 - INFO - ----------------------------------------
2026-05-29 - INFO - Listando os meus clientes
2026-05-29 - ERROR - Erro ao tentar enviar mensagem
Traceback (most recent call last):
  File "e:\Estudos\PROJETOS\Proj_BOT_ZAP\bot_msg_vencimento.py", line 390, in main
    enviando_zap()
    ~~~~~~~~~~~~^^
  File "e:\Estudos\PROJETOS\Proj_BOT_ZAP\bot_msg_vencimento.py", line 266, in enviando_zap
    resultados = capturar_expirados();
  File "e:\Estudos\PROJETOS\Proj_BOT_ZAP\bot_msg_vencimento.py", line 183, in capturar_expirados
    listar_expiracao()
    ~~~~~~~~~~~~~~~~^^
  File "e:\Estudos\PROJETOS\Proj_BOT_ZAP\bot_msg_vencimento.py", line 170, in listar_expiracao
    lista_expi = driver1.find_element(By.NAME, "u.exp_date")
  File "C:\Users\Emerosn Jr\AppData\Local\Programs\Python\Python313\Lib\site-packages\selenium\webdriver\remote\webdriver.py", line 816, in find_element
    return self.execute(Command.FIND_ELEMENT, {"using": by, "value": value})["value"]
           ~~~~~~~~~~~~^^^^^^^^^^^^^^^^^^^^^^^^^^^^^^^^^^^^^^^^^^^^^^^^^^^^^
  File "C:\Users\Emerosn Jr\AppData\Local\Programs\Python\Python313\Lib\site-packages\selenium\webdriver\remote\webdriver.py", line 446, in execute
    self.error_handler.check_response(response)
    ~~~~~~~~~~~~~~~~~~~~~~~~~~~~~~~~~^^^^^^^^^^
  File "C:\Users\Emerosn Jr\AppData\Local\Programs\Python\Python313\Lib\site-packages\selenium\webdriver\remote\errorhandler.py", line 232, in check_response
    raise exception_class(message, screen, stacktrace)
selenium.common.exceptions.WebDriverException: Message: Failed to decode response from marionette


2026-05-29 - INFO - --------------------------------------------------
2026-05-29 - INFO - Saindo dos navegadores...
2026-05-29 - INFO - Tarefa sendo executada em: 29/05/2026 12:42
2026-05-29 - INFO - --------------------------------------------------
2026-05-29 - INFO - Abrindo o navegador e entrando no painel.
2026-05-29 - INFO - ----------------------------------------
2026-05-29 - INFO - Digitando o usuario
2026-05-29 - INFO - Digitando a senha
2026-05-29 - INFO - Entrando no painel
2026-05-29 - INFO - ----------------------------------------
2026-05-29 - INFO - ----------------------------------------
2026-05-29 - INFO - Achando a Aba Clientes...
2026-05-29 - INFO - Entrando em gerenciar clientes...
2026-05-29 - INFO - ----------------------------------------
2026-05-29 - INFO - Listando os meus clientes
2026-05-29 - INFO - Listando os expirados!
2026-05-29 - INFO - Listando os 100 users
2026-05-29 - INFO - ----------------------------------------
2026-05-29 - INFO - Criando a lista de clientes
2026-05-29 - INFO - Cliente: ruan7366, Status: Expira HOJE, Data de Expiração: 29/05/2026, Observação: +55 19 99888-8400
2026-05-29 - INFO - Cliente: edn567, Status: Expira HOJE, Data de Expiração: 29/05/2026, Observação: 55 19 98999-9855
2026-05-29 - INFO - Cliente: dan5835, Status: Expira HOJE, Data de Expiração: 29/05/2026, Observação: +55 19 99788-7906
2026-05-29 - INFO - Cliente: 83592deb, Status: Expira em 7 DIAS, Data de Expiração: 05/06/2026, Observação: +55 15 99827-6197
2026-05-29 - INFO - Cliente: deh82878, Status: Expira em 7 DIAS, Data de Expiração: 05/06/2026, Observação: +55 19 98144-1319
2026-05-29 - INFO - Cliente: silm7474, Status: Expira em 7 DIAS, Data de Expiração: 05/06/2026, Observação: +55 19 97421-9174
2026-05-29 - INFO - Acessando Whatsapp!
2026-05-29 - INFO - Entrando na funçaõ enviar msg...
2026-05-29 - INFO - ----------------------------------------
2026-05-29 - ERROR - Erro ao clicar no botão nova conversa
Traceback (most recent call last):
  File "e:\Estudos\PROJETOS\Proj_BOT_ZAP\bot_msg_vencimento.py", line 297, in enviando_zap
    btnCnvs = WebDriverWait(driver2, 30).until(
        EC.element_to_be_clickable((By.XPATH,path_btnCvs))
    )
  File "C:\Users\Emerosn Jr\AppData\Local\Programs\Python\Python313\Lib\site-packages\selenium\webdriver\support\wait.py", line 112, in until
    value = method(self._driver)
  File "C:\Users\Emerosn Jr\AppData\Local\Programs\Python\Python313\Lib\site-packages\selenium\webdriver\support\expected_conditions.py", line 514, in _predicate
    target = driver.find_element(*target)  # grab element at locator
  File "C:\Users\Emerosn Jr\AppData\Local\Programs\Python\Python313\Lib\site-packages\selenium\webdriver\remote\webdriver.py", line 816, in find_element
    return self.execute(Command.FIND_ELEMENT, {"using": by, "value": value})["value"]
           ~~~~~~~~~~~~^^^^^^^^^^^^^^^^^^^^^^^^^^^^^^^^^^^^^^^^^^^^^^^^^^^^^
  File "C:\Users\Emerosn Jr\AppData\Local\Programs\Python\Python313\Lib\site-packages\selenium\webdriver\remote\webdriver.py", line 446, in execute
    self.error_handler.check_response(response)
    ~~~~~~~~~~~~~~~~~~~~~~~~~~~~~~~~~^^^^^^^^^^
  File "C:\Users\Emerosn Jr\AppData\Local\Programs\Python\Python313\Lib\site-packages\selenium\webdriver\remote\errorhandler.py", line 232, in check_response
    raise exception_class(message, screen, stacktrace)
selenium.common.exceptions.InvalidSessionIdException: Message: invalid session id: session deleted as the browser has closed the connection
from disconnected: not connected to DevTools
  (Session info: chrome=148.0.7778.179); For documentation on this error, please visit: https://www.selenium.dev/documentation/webdriver/troubleshooting/errors#invalidsessionidexception
Stacktrace:
	chromedriver!GetHandleVerifier [0x7ff79bbd7de5+14895]
	chromedriver!GetHandleVerifier [0x7ff79bbd7e50+14900]
	chromedriver!(No symbol) [0x7ff79b93d5ad]
	chromedriver!(No symbol) [0x7ff79b928a92]
	chromedriver!(No symbol) [0x7ff79b94ee6c]
	chromedriver!(No symbol) [0x7ff79b9c71b0]
	chromedriver!(No symbol) [0x7ff79b9e4172]
	chromedriver!(No symbol) [0x7ff79b989df8]
	chromedriver!(No symbol) [0x7ff79b98ace3]
	chromedriver!GetHandleVerifier [0x7ff79beecc49+3296f9]
	chromedriver!GetHandleVerifier [0x7ff79bee7375+323e25]
	chromedriver!GetHandleVerifier [0x7ff79bf0bc82+348732]
	chromedriver!GetHandleVerifier [0x7ff79bbf6045+32af5]
	chromedriver!GetHandleVerifier [0x7ff79bbfecec+3b79c]
	chromedriver!GetHandleVerifier [0x7ff79bbe1bc4+1e674]
	chromedriver!GetHandleVerifier [0x7ff79bbe1d54+1e804]
	chromedriver!GetHandleVerifier [0x7ff79bbc60e7+2b97]
	KERNEL32!BaseThreadInitThunk [0x7fffe0a4e957+17]
	ntdll!RtlUserThreadStart [0x7fffe0f47c1c+2c]


2026-05-29 - INFO - ----------------------------------------
2026-05-29 - ERROR - Erro ao clicar no botão nova conversa
Traceback (most recent call last):
  File "e:\Estudos\PROJETOS\Proj_BOT_ZAP\bot_msg_vencimento.py", line 297, in enviando_zap
    btnCnvs = WebDriverWait(driver2, 30).until(
        EC.element_to_be_clickable((By.XPATH,path_btnCvs))
    )
  File "C:\Users\Emerosn Jr\AppData\Local\Programs\Python\Python313\Lib\site-packages\selenium\webdriver\support\wait.py", line 112, in until
    value = method(self._driver)
  File "C:\Users\Emerosn Jr\AppData\Local\Programs\Python\Python313\Lib\site-packages\selenium\webdriver\support\expected_conditions.py", line 514, in _predicate
    target = driver.find_element(*target)  # grab element at locator
  File "C:\Users\Emerosn Jr\AppData\Local\Programs\Python\Python313\Lib\site-packages\selenium\webdriver\remote\webdriver.py", line 816, in find_element
    return self.execute(Command.FIND_ELEMENT, {"using": by, "value": value})["value"]
           ~~~~~~~~~~~~^^^^^^^^^^^^^^^^^^^^^^^^^^^^^^^^^^^^^^^^^^^^^^^^^^^^^
  File "C:\Users\Emerosn Jr\AppData\Local\Programs\Python\Python313\Lib\site-packages\selenium\webdriver\remote\webdriver.py", line 446, in execute
    self.error_handler.check_response(response)
    ~~~~~~~~~~~~~~~~~~~~~~~~~~~~~~~~~^^^^^^^^^^
  File "C:\Users\Emerosn Jr\AppData\Local\Programs\Python\Python313\Lib\site-packages\selenium\webdriver\remote\errorhandler.py", line 232, in check_response
    raise exception_class(message, screen, stacktrace)
selenium.common.exceptions.InvalidSessionIdException: Message: invalid session id; For documentation on this error, please visit: https://www.selenium.dev/documentation/webdriver/troubleshooting/errors#invalidsessionidexception
Stacktrace:
	chromedriver!GetHandleVerifier [0x7ff79bbd7de5+14895]
	chromedriver!GetHandleVerifier [0x7ff79bbd7e50+14900]
	chromedriver!(No symbol) [0x7ff79b93d396]
	chromedriver!(No symbol) [0x7ff79b988e76]
	chromedriver!(No symbol) [0x7ff79b9bff62]
	chromedriver!(No symbol) [0x7ff79b9b9d7f]
	chromedriver!(No symbol) [0x7ff79b9b9543]
	chromedriver!(No symbol) [0x7ff79b906325]
	chromedriver!GetHandleVerifier [0x7ff79beecc49+3296f9]
	chromedriver!GetHandleVerifier [0x7ff79bee7375+323e25]
	chromedriver!GetHandleVerifier [0x7ff79bf0bc82+348732]
	chromedriver!GetHandleVerifier [0x7ff79bbf6045+32af5]
	chromedriver!GetHandleVerifier [0x7ff79bbfecec+3b79c]
	chromedriver!(No symbol) [0x7ff79b9050bc]
	chromedriver!GetHandleVerifier [0x7ff79c050b18+48d5c8]
	KERNEL32!BaseThreadInitThunk [0x7fffe0a4e957+17]
	ntdll!RtlUserThreadStart [0x7fffe0f47c1c+2c]


2026-05-29 - INFO - ----------------------------------------
2026-05-29 - ERROR - Erro ao clicar no botão nova conversa
Traceback (most recent call last):
  File "e:\Estudos\PROJETOS\Proj_BOT_ZAP\bot_msg_vencimento.py", line 297, in enviando_zap
    btnCnvs = WebDriverWait(driver2, 30).until(
        EC.element_to_be_clickable((By.XPATH,path_btnCvs))
    )
  File "C:\Users\Emerosn Jr\AppData\Local\Programs\Python\Python313\Lib\site-packages\selenium\webdriver\support\wait.py", line 112, in until
    value = method(self._driver)
  File "C:\Users\Emerosn Jr\AppData\Local\Programs\Python\Python313\Lib\site-packages\selenium\webdriver\support\expected_conditions.py", line 514, in _predicate
    target = driver.find_element(*target)  # grab element at locator
  File "C:\Users\Emerosn Jr\AppData\Local\Programs\Python\Python313\Lib\site-packages\selenium\webdriver\remote\webdriver.py", line 816, in find_element
    return self.execute(Command.FIND_ELEMENT, {"using": by, "value": value})["value"]
           ~~~~~~~~~~~~^^^^^^^^^^^^^^^^^^^^^^^^^^^^^^^^^^^^^^^^^^^^^^^^^^^^^
  File "C:\Users\Emerosn Jr\AppData\Local\Programs\Python\Python313\Lib\site-packages\selenium\webdriver\remote\webdriver.py", line 446, in execute
    self.error_handler.check_response(response)
    ~~~~~~~~~~~~~~~~~~~~~~~~~~~~~~~~~^^^^^^^^^^
  File "C:\Users\Emerosn Jr\AppData\Local\Programs\Python\Python313\Lib\site-packages\selenium\webdriver\remote\errorhandler.py", line 232, in check_response
    raise exception_class(message, screen, stacktrace)
selenium.common.exceptions.InvalidSessionIdException: Message: invalid session id; For documentation on this error, please visit: https://www.selenium.dev/documentation/webdriver/troubleshooting/errors#invalidsessionidexception
Stacktrace:
	chromedriver!GetHandleVerifier [0x7ff79bbd7de5+14895]
	chromedriver!GetHandleVerifier [0x7ff79bbd7e50+14900]
	chromedriver!(No symbol) [0x7ff79b93d396]
	chromedriver!(No symbol) [0x7ff79b988e76]
	chromedriver!(No symbol) [0x7ff79b9bff62]
	chromedriver!(No symbol) [0x7ff79b9b9d7f]
	chromedriver!(No symbol) [0x7ff79b9b9543]
	chromedriver!(No symbol) [0x7ff79b906325]
	chromedriver!GetHandleVerifier [0x7ff79beecc49+3296f9]
	chromedriver!GetHandleVerifier [0x7ff79bee7375+323e25]
	chromedriver!GetHandleVerifier [0x7ff79bf0bc82+348732]
	chromedriver!GetHandleVerifier [0x7ff79bbf6045+32af5]
	chromedriver!GetHandleVerifier [0x7ff79bbfecec+3b79c]
	chromedriver!(No symbol) [0x7ff79b9050bc]
	chromedriver!GetHandleVerifier [0x7ff79c050b18+48d5c8]
	KERNEL32!BaseThreadInitThunk [0x7fffe0a4e957+17]
	ntdll!RtlUserThreadStart [0x7fffe0f47c1c+2c]


2026-05-29 - INFO - ----------------------------------------
2026-05-29 - ERROR - Erro ao clicar no botão nova conversa
Traceback (most recent call last):
  File "e:\Estudos\PROJETOS\Proj_BOT_ZAP\bot_msg_vencimento.py", line 297, in enviando_zap
    btnCnvs = WebDriverWait(driver2, 30).until(
        EC.element_to_be_clickable((By.XPATH,path_btnCvs))
    )
  File "C:\Users\Emerosn Jr\AppData\Local\Programs\Python\Python313\Lib\site-packages\selenium\webdriver\support\wait.py", line 112, in until
    value = method(self._driver)
  File "C:\Users\Emerosn Jr\AppData\Local\Programs\Python\Python313\Lib\site-packages\selenium\webdriver\support\expected_conditions.py", line 514, in _predicate
    target = driver.find_element(*target)  # grab element at locator
  File "C:\Users\Emerosn Jr\AppData\Local\Programs\Python\Python313\Lib\site-packages\selenium\webdriver\remote\webdriver.py", line 816, in find_element
    return self.execute(Command.FIND_ELEMENT, {"using": by, "value": value})["value"]
           ~~~~~~~~~~~~^^^^^^^^^^^^^^^^^^^^^^^^^^^^^^^^^^^^^^^^^^^^^^^^^^^^^
  File "C:\Users\Emerosn Jr\AppData\Local\Programs\Python\Python313\Lib\site-packages\selenium\webdriver\remote\webdriver.py", line 446, in execute
    self.error_handler.check_response(response)
    ~~~~~~~~~~~~~~~~~~~~~~~~~~~~~~~~~^^^^^^^^^^
  File "C:\Users\Emerosn Jr\AppData\Local\Programs\Python\Python313\Lib\site-packages\selenium\webdriver\remote\errorhandler.py", line 232, in check_response
    raise exception_class(message, screen, stacktrace)
selenium.common.exceptions.InvalidSessionIdException: Message: invalid session id; For documentation on this error, please visit: https://www.selenium.dev/documentation/webdriver/troubleshooting/errors#invalidsessionidexception
Stacktrace:
	chromedriver!GetHandleVerifier [0x7ff79bbd7de5+14895]
	chromedriver!GetHandleVerifier [0x7ff79bbd7e50+14900]
	chromedriver!(No symbol) [0x7ff79b93d396]
	chromedriver!(No symbol) [0x7ff79b988e76]
	chromedriver!(No symbol) [0x7ff79b9bff62]
	chromedriver!(No symbol) [0x7ff79b9b9d7f]
	chromedriver!(No symbol) [0x7ff79b9b9543]
	chromedriver!(No symbol) [0x7ff79b906325]
	chromedriver!GetHandleVerifier [0x7ff79beecc49+3296f9]
	chromedriver!GetHandleVerifier [0x7ff79bee7375+323e25]
	chromedriver!GetHandleVerifier [0x7ff79bf0bc82+348732]
	chromedriver!GetHandleVerifier [0x7ff79bbf6045+32af5]
	chromedriver!GetHandleVerifier [0x7ff79bbfecec+3b79c]
	chromedriver!(No symbol) [0x7ff79b9050bc]
	chromedriver!GetHandleVerifier [0x7ff79c050b18+48d5c8]
	KERNEL32!BaseThreadInitThunk [0x7fffe0a4e957+17]
	ntdll!RtlUserThreadStart [0x7fffe0f47c1c+2c]


2026-05-29 - INFO - ----------------------------------------
2026-05-29 - ERROR - Erro ao clicar no botão nova conversa
Traceback (most recent call last):
  File "e:\Estudos\PROJETOS\Proj_BOT_ZAP\bot_msg_vencimento.py", line 297, in enviando_zap
    btnCnvs = WebDriverWait(driver2, 30).until(
        EC.element_to_be_clickable((By.XPATH,path_btnCvs))
    )
  File "C:\Users\Emerosn Jr\AppData\Local\Programs\Python\Python313\Lib\site-packages\selenium\webdriver\support\wait.py", line 112, in until
    value = method(self._driver)
  File "C:\Users\Emerosn Jr\AppData\Local\Programs\Python\Python313\Lib\site-packages\selenium\webdriver\support\expected_conditions.py", line 514, in _predicate
    target = driver.find_element(*target)  # grab element at locator
  File "C:\Users\Emerosn Jr\AppData\Local\Programs\Python\Python313\Lib\site-packages\selenium\webdriver\remote\webdriver.py", line 816, in find_element
    return self.execute(Command.FIND_ELEMENT, {"using": by, "value": value})["value"]
           ~~~~~~~~~~~~^^^^^^^^^^^^^^^^^^^^^^^^^^^^^^^^^^^^^^^^^^^^^^^^^^^^^
  File "C:\Users\Emerosn Jr\AppData\Local\Programs\Python\Python313\Lib\site-packages\selenium\webdriver\remote\webdriver.py", line 446, in execute
    self.error_handler.check_response(response)
    ~~~~~~~~~~~~~~~~~~~~~~~~~~~~~~~~~^^^^^^^^^^
  File "C:\Users\Emerosn Jr\AppData\Local\Programs\Python\Python313\Lib\site-packages\selenium\webdriver\remote\errorhandler.py", line 232, in check_response
    raise exception_class(message, screen, stacktrace)
selenium.common.exceptions.InvalidSessionIdException: Message: invalid session id; For documentation on this error, please visit: https://www.selenium.dev/documentation/webdriver/troubleshooting/errors#invalidsessionidexception
Stacktrace:
	chromedriver!GetHandleVerifier [0x7ff79bbd7de5+14895]
	chromedriver!GetHandleVerifier [0x7ff79bbd7e50+14900]
	chromedriver!(No symbol) [0x7ff79b93d396]
	chromedriver!(No symbol) [0x7ff79b988e76]
	chromedriver!(No symbol) [0x7ff79b9bff62]
	chromedriver!(No symbol) [0x7ff79b9b9d7f]
	chromedriver!(No symbol) [0x7ff79b9b9543]
	chromedriver!(No symbol) [0x7ff79b906325]
	chromedriver!GetHandleVerifier [0x7ff79beecc49+3296f9]
	chromedriver!GetHandleVerifier [0x7ff79bee7375+323e25]
	chromedriver!GetHandleVerifier [0x7ff79bf0bc82+348732]
	chromedriver!GetHandleVerifier [0x7ff79bbf6045+32af5]
	chromedriver!GetHandleVerifier [0x7ff79bbfecec+3b79c]
	chromedriver!(No symbol) [0x7ff79b9050bc]
	chromedriver!GetHandleVerifier [0x7ff79c050b18+48d5c8]
	KERNEL32!BaseThreadInitThunk [0x7fffe0a4e957+17]
	ntdll!RtlUserThreadStart [0x7fffe0f47c1c+2c]


2026-05-29 - INFO - ----------------------------------------
2026-05-29 - ERROR - Erro ao clicar no botão nova conversa
Traceback (most recent call last):
  File "e:\Estudos\PROJETOS\Proj_BOT_ZAP\bot_msg_vencimento.py", line 297, in enviando_zap
    btnCnvs = WebDriverWait(driver2, 30).until(
        EC.element_to_be_clickable((By.XPATH,path_btnCvs))
    )
  File "C:\Users\Emerosn Jr\AppData\Local\Programs\Python\Python313\Lib\site-packages\selenium\webdriver\support\wait.py", line 112, in until
    value = method(self._driver)
  File "C:\Users\Emerosn Jr\AppData\Local\Programs\Python\Python313\Lib\site-packages\selenium\webdriver\support\expected_conditions.py", line 514, in _predicate
    target = driver.find_element(*target)  # grab element at locator
  File "C:\Users\Emerosn Jr\AppData\Local\Programs\Python\Python313\Lib\site-packages\selenium\webdriver\remote\webdriver.py", line 816, in find_element
    return self.execute(Command.FIND_ELEMENT, {"using": by, "value": value})["value"]
           ~~~~~~~~~~~~^^^^^^^^^^^^^^^^^^^^^^^^^^^^^^^^^^^^^^^^^^^^^^^^^^^^^
  File "C:\Users\Emerosn Jr\AppData\Local\Programs\Python\Python313\Lib\site-packages\selenium\webdriver\remote\webdriver.py", line 446, in execute
    self.error_handler.check_response(response)
    ~~~~~~~~~~~~~~~~~~~~~~~~~~~~~~~~~^^^^^^^^^^
  File "C:\Users\Emerosn Jr\AppData\Local\Programs\Python\Python313\Lib\site-packages\selenium\webdriver\remote\errorhandler.py", line 232, in check_response
    raise exception_class(message, screen, stacktrace)
selenium.common.exceptions.InvalidSessionIdException: Message: invalid session id; For documentation on this error, please visit: https://www.selenium.dev/documentation/webdriver/troubleshooting/errors#invalidsessionidexception
Stacktrace:
	chromedriver!GetHandleVerifier [0x7ff79bbd7de5+14895]
	chromedriver!GetHandleVerifier [0x7ff79bbd7e50+14900]
	chromedriver!(No symbol) [0x7ff79b93d396]
	chromedriver!(No symbol) [0x7ff79b988e76]
	chromedriver!(No symbol) [0x7ff79b9bff62]
	chromedriver!(No symbol) [0x7ff79b9b9d7f]
	chromedriver!(No symbol) [0x7ff79b9b9543]
	chromedriver!(No symbol) [0x7ff79b906325]
	chromedriver!GetHandleVerifier [0x7ff79beecc49+3296f9]
	chromedriver!GetHandleVerifier [0x7ff79bee7375+323e25]
	chromedriver!GetHandleVerifier [0x7ff79bf0bc82+348732]
	chromedriver!GetHandleVerifier [0x7ff79bbf6045+32af5]
	chromedriver!GetHandleVerifier [0x7ff79bbfecec+3b79c]
	chromedriver!(No symbol) [0x7ff79b9050bc]
	chromedriver!GetHandleVerifier [0x7ff79c050b18+48d5c8]
	KERNEL32!BaseThreadInitThunk [0x7fffe0a4e957+17]
	ntdll!RtlUserThreadStart [0x7fffe0f47c1c+2c]


2026-05-29 - ERROR - Erro inesperado na automação
Traceback (most recent call last):
  File "e:\Estudos\PROJETOS\Proj_BOT_ZAP\bot_msg_vencimento.py", line 390, in main
    enviando_zap()
    ~~~~~~~~~~~~^^
  File "e:\Estudos\PROJETOS\Proj_BOT_ZAP\bot_msg_vencimento.py", line 367, in enviando_zap
    arquivo.write(status);
                  ^^^^^^
UnboundLocalError: cannot access local variable 'status' where it is not associated with a value

2026-05-29 - INFO - Saindo dos navegadores...
2026-05-29 - INFO - Tarefa sendo executada em: 29/05/2026 12:52
2026-05-29 - INFO - --------------------------------------------------
2026-05-29 - INFO - Abrindo o navegador e entrando no painel.
2026-05-29 - INFO - ----------------------------------------
2026-05-29 - INFO - Digitando o usuario
2026-05-29 - INFO - Digitando a senha
2026-05-29 - INFO - Entrando no painel
2026-05-29 - INFO - ----------------------------------------
2026-05-29 - INFO - ----------------------------------------
2026-05-29 - INFO - Achando a Aba Clientes...
2026-05-29 - INFO - Entrando em gerenciar clientes...
2026-05-29 - INFO - ----------------------------------------
2026-05-29 - INFO - Listando os meus clientes
2026-05-29 - INFO - Listando os expirados!
2026-05-29 - INFO - Listando os 100 users
2026-05-29 - INFO - ----------------------------------------
2026-05-29 - INFO - Criando a lista de clientes
2026-05-29 - INFO - Cliente: ruan7366, Status: Expira HOJE, Data de Expiração: 29/05/2026, Observação: +55 19 99888-8400
2026-05-29 - INFO - Cliente: edn567, Status: Expira HOJE, Data de Expiração: 29/05/2026, Observação: 55 19 98999-9855
2026-05-29 - INFO - Cliente: dan5835, Status: Expira HOJE, Data de Expiração: 29/05/2026, Observação: +55 19 99788-7906
2026-05-29 - INFO - Cliente: 83592deb, Status: Expira em 7 DIAS, Data de Expiração: 05/06/2026, Observação: +55 15 99827-6197
2026-05-29 - INFO - Cliente: deh82878, Status: Expira em 7 DIAS, Data de Expiração: 05/06/2026, Observação: +55 19 98144-1319
2026-05-29 - INFO - Cliente: silm7474, Status: Expira em 7 DIAS, Data de Expiração: 05/06/2026, Observação: +55 19 97421-9174
2026-05-29 - INFO - Acessando Whatsapp!
2026-05-29 - INFO - Entrando na funçaõ enviar msg...
2026-05-29 - INFO - ----------------------------------------
2026-05-29 - ERROR - Erro ao clicar no botão nova conversa
Traceback (most recent call last):
  File "e:\Estudos\PROJETOS\Proj_BOT_ZAP\bot_msg_vencimento.py", line 297, in enviando_zap
    btnCnvs = WebDriverWait(driver2, 30).until(
        EC.element_to_be_clickable((By.XPATH,path_btnCvs))
    )
  File "C:\Users\Emerosn Jr\AppData\Local\Programs\Python\Python313\Lib\site-packages\selenium\webdriver\support\wait.py", line 112, in until
    value = method(self._driver)
  File "C:\Users\Emerosn Jr\AppData\Local\Programs\Python\Python313\Lib\site-packages\selenium\webdriver\support\expected_conditions.py", line 514, in _predicate
    target = driver.find_element(*target)  # grab element at locator
  File "C:\Users\Emerosn Jr\AppData\Local\Programs\Python\Python313\Lib\site-packages\selenium\webdriver\remote\webdriver.py", line 816, in find_element
    return self.execute(Command.FIND_ELEMENT, {"using": by, "value": value})["value"]
           ~~~~~~~~~~~~^^^^^^^^^^^^^^^^^^^^^^^^^^^^^^^^^^^^^^^^^^^^^^^^^^^^^
  File "C:\Users\Emerosn Jr\AppData\Local\Programs\Python\Python313\Lib\site-packages\selenium\webdriver\remote\webdriver.py", line 446, in execute
    self.error_handler.check_response(response)
    ~~~~~~~~~~~~~~~~~~~~~~~~~~~~~~~~~^^^^^^^^^^
  File "C:\Users\Emerosn Jr\AppData\Local\Programs\Python\Python313\Lib\site-packages\selenium\webdriver\remote\errorhandler.py", line 232, in check_response
    raise exception_class(message, screen, stacktrace)
selenium.common.exceptions.InvalidSessionIdException: Message: invalid session id: session deleted as the browser has closed the connection
from disconnected: not connected to DevTools
  (Session info: chrome=148.0.7778.179); For documentation on this error, please visit: https://www.selenium.dev/documentation/webdriver/troubleshooting/errors#invalidsessionidexception
Stacktrace:
	chromedriver!GetHandleVerifier [0x7ff79bbd7de5+14895]
	chromedriver!GetHandleVerifier [0x7ff79bbd7e50+14900]
	chromedriver!(No symbol) [0x7ff79b93d5ad]
	chromedriver!(No symbol) [0x7ff79b928a92]
	chromedriver!(No symbol) [0x7ff79b94ee6c]
	chromedriver!(No symbol) [0x7ff79b9c71b0]
	chromedriver!(No symbol) [0x7ff79b9e4172]
	chromedriver!(No symbol) [0x7ff79b989df8]
	chromedriver!(No symbol) [0x7ff79b98ace3]
	chromedriver!GetHandleVerifier [0x7ff79beecc49+3296f9]
	chromedriver!GetHandleVerifier [0x7ff79bee7375+323e25]
	chromedriver!GetHandleVerifier [0x7ff79bf0bc82+348732]
	chromedriver!GetHandleVerifier [0x7ff79bbf6045+32af5]
	chromedriver!GetHandleVerifier [0x7ff79bbfecec+3b79c]
	chromedriver!GetHandleVerifier [0x7ff79bbe1bc4+1e674]
	chromedriver!GetHandleVerifier [0x7ff79bbe1d54+1e804]
	chromedriver!GetHandleVerifier [0x7ff79bbc60e7+2b97]
	KERNEL32!BaseThreadInitThunk [0x7fffe0a4e957+17]
	ntdll!RtlUserThreadStart [0x7fffe0f47c1c+2c]


2026-05-29 - INFO - ----------------------------------------
2026-05-29 - ERROR - Erro ao clicar no botão nova conversa
Traceback (most recent call last):
  File "e:\Estudos\PROJETOS\Proj_BOT_ZAP\bot_msg_vencimento.py", line 297, in enviando_zap
    btnCnvs = WebDriverWait(driver2, 30).until(
        EC.element_to_be_clickable((By.XPATH,path_btnCvs))
    )
  File "C:\Users\Emerosn Jr\AppData\Local\Programs\Python\Python313\Lib\site-packages\selenium\webdriver\support\wait.py", line 112, in until
    value = method(self._driver)
  File "C:\Users\Emerosn Jr\AppData\Local\Programs\Python\Python313\Lib\site-packages\selenium\webdriver\support\expected_conditions.py", line 514, in _predicate
    target = driver.find_element(*target)  # grab element at locator
  File "C:\Users\Emerosn Jr\AppData\Local\Programs\Python\Python313\Lib\site-packages\selenium\webdriver\remote\webdriver.py", line 816, in find_element
    return self.execute(Command.FIND_ELEMENT, {"using": by, "value": value})["value"]
           ~~~~~~~~~~~~^^^^^^^^^^^^^^^^^^^^^^^^^^^^^^^^^^^^^^^^^^^^^^^^^^^^^
  File "C:\Users\Emerosn Jr\AppData\Local\Programs\Python\Python313\Lib\site-packages\selenium\webdriver\remote\webdriver.py", line 446, in execute
    self.error_handler.check_response(response)
    ~~~~~~~~~~~~~~~~~~~~~~~~~~~~~~~~~^^^^^^^^^^
  File "C:\Users\Emerosn Jr\AppData\Local\Programs\Python\Python313\Lib\site-packages\selenium\webdriver\remote\errorhandler.py", line 232, in check_response
    raise exception_class(message, screen, stacktrace)
selenium.common.exceptions.InvalidSessionIdException: Message: invalid session id; For documentation on this error, please visit: https://www.selenium.dev/documentation/webdriver/troubleshooting/errors#invalidsessionidexception
Stacktrace:
	chromedriver!GetHandleVerifier [0x7ff79bbd7de5+14895]
	chromedriver!GetHandleVerifier [0x7ff79bbd7e50+14900]
	chromedriver!(No symbol) [0x7ff79b93d396]
	chromedriver!(No symbol) [0x7ff79b988e76]
	chromedriver!(No symbol) [0x7ff79b9bff62]
	chromedriver!(No symbol) [0x7ff79b9b9d7f]
	chromedriver!(No symbol) [0x7ff79b9b9543]
	chromedriver!(No symbol) [0x7ff79b906325]
	chromedriver!GetHandleVerifier [0x7ff79beecc49+3296f9]
	chromedriver!GetHandleVerifier [0x7ff79bee7375+323e25]
	chromedriver!GetHandleVerifier [0x7ff79bf0bc82+348732]
	chromedriver!GetHandleVerifier [0x7ff79bbf6045+32af5]
	chromedriver!GetHandleVerifier [0x7ff79bbfecec+3b79c]
	chromedriver!(No symbol) [0x7ff79b9050bc]
	chromedriver!GetHandleVerifier [0x7ff79c050b18+48d5c8]
	KERNEL32!BaseThreadInitThunk [0x7fffe0a4e957+17]
	ntdll!RtlUserThreadStart [0x7fffe0f47c1c+2c]


2026-05-29 - INFO - ----------------------------------------
2026-05-29 - ERROR - Erro ao clicar no botão nova conversa
Traceback (most recent call last):
  File "e:\Estudos\PROJETOS\Proj_BOT_ZAP\bot_msg_vencimento.py", line 297, in enviando_zap
    btnCnvs = WebDriverWait(driver2, 30).until(
        EC.element_to_be_clickable((By.XPATH,path_btnCvs))
    )
  File "C:\Users\Emerosn Jr\AppData\Local\Programs\Python\Python313\Lib\site-packages\selenium\webdriver\support\wait.py", line 112, in until
    value = method(self._driver)
  File "C:\Users\Emerosn Jr\AppData\Local\Programs\Python\Python313\Lib\site-packages\selenium\webdriver\support\expected_conditions.py", line 514, in _predicate
    target = driver.find_element(*target)  # grab element at locator
  File "C:\Users\Emerosn Jr\AppData\Local\Programs\Python\Python313\Lib\site-packages\selenium\webdriver\remote\webdriver.py", line 816, in find_element
    return self.execute(Command.FIND_ELEMENT, {"using": by, "value": value})["value"]
           ~~~~~~~~~~~~^^^^^^^^^^^^^^^^^^^^^^^^^^^^^^^^^^^^^^^^^^^^^^^^^^^^^
  File "C:\Users\Emerosn Jr\AppData\Local\Programs\Python\Python313\Lib\site-packages\selenium\webdriver\remote\webdriver.py", line 446, in execute
    self.error_handler.check_response(response)
    ~~~~~~~~~~~~~~~~~~~~~~~~~~~~~~~~~^^^^^^^^^^
  File "C:\Users\Emerosn Jr\AppData\Local\Programs\Python\Python313\Lib\site-packages\selenium\webdriver\remote\errorhandler.py", line 232, in check_response
    raise exception_class(message, screen, stacktrace)
selenium.common.exceptions.InvalidSessionIdException: Message: invalid session id; For documentation on this error, please visit: https://www.selenium.dev/documentation/webdriver/troubleshooting/errors#invalidsessionidexception
Stacktrace:
	chromedriver!GetHandleVerifier [0x7ff79bbd7de5+14895]
	chromedriver!GetHandleVerifier [0x7ff79bbd7e50+14900]
	chromedriver!(No symbol) [0x7ff79b93d396]
	chromedriver!(No symbol) [0x7ff79b988e76]
	chromedriver!(No symbol) [0x7ff79b9bff62]
	chromedriver!(No symbol) [0x7ff79b9b9d7f]
	chromedriver!(No symbol) [0x7ff79b9b9543]
	chromedriver!(No symbol) [0x7ff79b906325]
	chromedriver!GetHandleVerifier [0x7ff79beecc49+3296f9]
	chromedriver!GetHandleVerifier [0x7ff79bee7375+323e25]
	chromedriver!GetHandleVerifier [0x7ff79bf0bc82+348732]
	chromedriver!GetHandleVerifier [0x7ff79bbf6045+32af5]
	chromedriver!GetHandleVerifier [0x7ff79bbfecec+3b79c]
	chromedriver!(No symbol) [0x7ff79b9050bc]
	chromedriver!GetHandleVerifier [0x7ff79c050b18+48d5c8]
	KERNEL32!BaseThreadInitThunk [0x7fffe0a4e957+17]
	ntdll!RtlUserThreadStart [0x7fffe0f47c1c+2c]


2026-05-29 - INFO - ----------------------------------------
2026-05-29 - ERROR - Erro ao clicar no botão nova conversa
Traceback (most recent call last):
  File "e:\Estudos\PROJETOS\Proj_BOT_ZAP\bot_msg_vencimento.py", line 297, in enviando_zap
    btnCnvs = WebDriverWait(driver2, 30).until(
        EC.element_to_be_clickable((By.XPATH,path_btnCvs))
    )
  File "C:\Users\Emerosn Jr\AppData\Local\Programs\Python\Python313\Lib\site-packages\selenium\webdriver\support\wait.py", line 112, in until
    value = method(self._driver)
  File "C:\Users\Emerosn Jr\AppData\Local\Programs\Python\Python313\Lib\site-packages\selenium\webdriver\support\expected_conditions.py", line 514, in _predicate
    target = driver.find_element(*target)  # grab element at locator
  File "C:\Users\Emerosn Jr\AppData\Local\Programs\Python\Python313\Lib\site-packages\selenium\webdriver\remote\webdriver.py", line 816, in find_element
    return self.execute(Command.FIND_ELEMENT, {"using": by, "value": value})["value"]
           ~~~~~~~~~~~~^^^^^^^^^^^^^^^^^^^^^^^^^^^^^^^^^^^^^^^^^^^^^^^^^^^^^
  File "C:\Users\Emerosn Jr\AppData\Local\Programs\Python\Python313\Lib\site-packages\selenium\webdriver\remote\webdriver.py", line 446, in execute
    self.error_handler.check_response(response)
    ~~~~~~~~~~~~~~~~~~~~~~~~~~~~~~~~~^^^^^^^^^^
  File "C:\Users\Emerosn Jr\AppData\Local\Programs\Python\Python313\Lib\site-packages\selenium\webdriver\remote\errorhandler.py", line 232, in check_response
    raise exception_class(message, screen, stacktrace)
selenium.common.exceptions.InvalidSessionIdException: Message: invalid session id; For documentation on this error, please visit: https://www.selenium.dev/documentation/webdriver/troubleshooting/errors#invalidsessionidexception
Stacktrace:
	chromedriver!GetHandleVerifier [0x7ff79bbd7de5+14895]
	chromedriver!GetHandleVerifier [0x7ff79bbd7e50+14900]
	chromedriver!(No symbol) [0x7ff79b93d396]
	chromedriver!(No symbol) [0x7ff79b988e76]
	chromedriver!(No symbol) [0x7ff79b9bff62]
	chromedriver!(No symbol) [0x7ff79b9b9d7f]
	chromedriver!(No symbol) [0x7ff79b9b9543]
	chromedriver!(No symbol) [0x7ff79b906325]
	chromedriver!GetHandleVerifier [0x7ff79beecc49+3296f9]
	chromedriver!GetHandleVerifier [0x7ff79bee7375+323e25]
	chromedriver!GetHandleVerifier [0x7ff79bf0bc82+348732]
	chromedriver!GetHandleVerifier [0x7ff79bbf6045+32af5]
	chromedriver!GetHandleVerifier [0x7ff79bbfecec+3b79c]
	chromedriver!(No symbol) [0x7ff79b9050bc]
	chromedriver!GetHandleVerifier [0x7ff79c050b18+48d5c8]
	KERNEL32!BaseThreadInitThunk [0x7fffe0a4e957+17]
	ntdll!RtlUserThreadStart [0x7fffe0f47c1c+2c]


2026-05-29 - INFO - ----------------------------------------
2026-05-29 - ERROR - Erro ao clicar no botão nova conversa
Traceback (most recent call last):
  File "e:\Estudos\PROJETOS\Proj_BOT_ZAP\bot_msg_vencimento.py", line 297, in enviando_zap
    btnCnvs = WebDriverWait(driver2, 30).until(
        EC.element_to_be_clickable((By.XPATH,path_btnCvs))
    )
  File "C:\Users\Emerosn Jr\AppData\Local\Programs\Python\Python313\Lib\site-packages\selenium\webdriver\support\wait.py", line 112, in until
    value = method(self._driver)
  File "C:\Users\Emerosn Jr\AppData\Local\Programs\Python\Python313\Lib\site-packages\selenium\webdriver\support\expected_conditions.py", line 514, in _predicate
    target = driver.find_element(*target)  # grab element at locator
  File "C:\Users\Emerosn Jr\AppData\Local\Programs\Python\Python313\Lib\site-packages\selenium\webdriver\remote\webdriver.py", line 816, in find_element
    return self.execute(Command.FIND_ELEMENT, {"using": by, "value": value})["value"]
           ~~~~~~~~~~~~^^^^^^^^^^^^^^^^^^^^^^^^^^^^^^^^^^^^^^^^^^^^^^^^^^^^^
  File "C:\Users\Emerosn Jr\AppData\Local\Programs\Python\Python313\Lib\site-packages\selenium\webdriver\remote\webdriver.py", line 446, in execute
    self.error_handler.check_response(response)
    ~~~~~~~~~~~~~~~~~~~~~~~~~~~~~~~~~^^^^^^^^^^
  File "C:\Users\Emerosn Jr\AppData\Local\Programs\Python\Python313\Lib\site-packages\selenium\webdriver\remote\errorhandler.py", line 232, in check_response
    raise exception_class(message, screen, stacktrace)
selenium.common.exceptions.InvalidSessionIdException: Message: invalid session id; For documentation on this error, please visit: https://www.selenium.dev/documentation/webdriver/troubleshooting/errors#invalidsessionidexception
Stacktrace:
	chromedriver!GetHandleVerifier [0x7ff79bbd7de5+14895]
	chromedriver!GetHandleVerifier [0x7ff79bbd7e50+14900]
	chromedriver!(No symbol) [0x7ff79b93d396]
	chromedriver!(No symbol) [0x7ff79b988e76]
	chromedriver!(No symbol) [0x7ff79b9bff62]
	chromedriver!(No symbol) [0x7ff79b9b9d7f]
	chromedriver!(No symbol) [0x7ff79b9b9543]
	chromedriver!(No symbol) [0x7ff79b906325]
	chromedriver!GetHandleVerifier [0x7ff79beecc49+3296f9]
	chromedriver!GetHandleVerifier [0x7ff79bee7375+323e25]
	chromedriver!GetHandleVerifier [0x7ff79bf0bc82+348732]
	chromedriver!GetHandleVerifier [0x7ff79bbf6045+32af5]
	chromedriver!GetHandleVerifier [0x7ff79bbfecec+3b79c]
	chromedriver!(No symbol) [0x7ff79b9050bc]
	chromedriver!GetHandleVerifier [0x7ff79c050b18+48d5c8]
	KERNEL32!BaseThreadInitThunk [0x7fffe0a4e957+17]
	ntdll!RtlUserThreadStart [0x7fffe0f47c1c+2c]


2026-05-29 - INFO - ----------------------------------------
2026-05-29 - ERROR - Erro ao clicar no botão nova conversa
Traceback (most recent call last):
  File "e:\Estudos\PROJETOS\Proj_BOT_ZAP\bot_msg_vencimento.py", line 297, in enviando_zap
    btnCnvs = WebDriverWait(driver2, 30).until(
        EC.element_to_be_clickable((By.XPATH,path_btnCvs))
    )
  File "C:\Users\Emerosn Jr\AppData\Local\Programs\Python\Python313\Lib\site-packages\selenium\webdriver\support\wait.py", line 112, in until
    value = method(self._driver)
  File "C:\Users\Emerosn Jr\AppData\Local\Programs\Python\Python313\Lib\site-packages\selenium\webdriver\support\expected_conditions.py", line 514, in _predicate
    target = driver.find_element(*target)  # grab element at locator
  File "C:\Users\Emerosn Jr\AppData\Local\Programs\Python\Python313\Lib\site-packages\selenium\webdriver\remote\webdriver.py", line 816, in find_element
    return self.execute(Command.FIND_ELEMENT, {"using": by, "value": value})["value"]
           ~~~~~~~~~~~~^^^^^^^^^^^^^^^^^^^^^^^^^^^^^^^^^^^^^^^^^^^^^^^^^^^^^
  File "C:\Users\Emerosn Jr\AppData\Local\Programs\Python\Python313\Lib\site-packages\selenium\webdriver\remote\webdriver.py", line 446, in execute
    self.error_handler.check_response(response)
    ~~~~~~~~~~~~~~~~~~~~~~~~~~~~~~~~~^^^^^^^^^^
  File "C:\Users\Emerosn Jr\AppData\Local\Programs\Python\Python313\Lib\site-packages\selenium\webdriver\remote\errorhandler.py", line 232, in check_response
    raise exception_class(message, screen, stacktrace)
selenium.common.exceptions.InvalidSessionIdException: Message: invalid session id; For documentation on this error, please visit: https://www.selenium.dev/documentation/webdriver/troubleshooting/errors#invalidsessionidexception
Stacktrace:
	chromedriver!GetHandleVerifier [0x7ff79bbd7de5+14895]
	chromedriver!GetHandleVerifier [0x7ff79bbd7e50+14900]
	chromedriver!(No symbol) [0x7ff79b93d396]
	chromedriver!(No symbol) [0x7ff79b988e76]
	chromedriver!(No symbol) [0x7ff79b9bff62]
	chromedriver!(No symbol) [0x7ff79b9b9d7f]
	chromedriver!(No symbol) [0x7ff79b9b9543]
	chromedriver!(No symbol) [0x7ff79b906325]
	chromedriver!GetHandleVerifier [0x7ff79beecc49+3296f9]
	chromedriver!GetHandleVerifier [0x7ff79bee7375+323e25]
	chromedriver!GetHandleVerifier [0x7ff79bf0bc82+348732]
	chromedriver!GetHandleVerifier [0x7ff79bbf6045+32af5]
	chromedriver!GetHandleVerifier [0x7ff79bbfecec+3b79c]
	chromedriver!(No symbol) [0x7ff79b9050bc]
	chromedriver!GetHandleVerifier [0x7ff79c050b18+48d5c8]
	KERNEL32!BaseThreadInitThunk [0x7fffe0a4e957+17]
	ntdll!RtlUserThreadStart [0x7fffe0f47c1c+2c]


2026-05-29 - ERROR - Erro inesperado na automação
Traceback (most recent call last):
  File "e:\Estudos\PROJETOS\Proj_BOT_ZAP\bot_msg_vencimento.py", line 390, in main
    enviando_zap()
    ~~~~~~~~~~~~^^
  File "e:\Estudos\PROJETOS\Proj_BOT_ZAP\bot_msg_vencimento.py", line 367, in enviando_zap
    arquivo.write(status);
                  ^^^^^^
UnboundLocalError: cannot access local variable 'status' where it is not associated with a value

2026-05-29 - INFO - Saindo dos navegadores...
